// Jest Snapshot v1, https://goo.gl/fbAQLP

exports[`<Button /> render and generate snapshot 1`] = `
.c0 {
  width: regular;
  height: small;
  color: white;
  border-radius: 4px;
}

<button
  className="c0"
  color="white"
  disabled={true}
  height="small"
  width="regular"
/>
`;
